// Jest Snapshot v1, https://goo.gl/fbAQLP

exports[`renders without crashing 1`] = `
<boxRules
  _felaTheme={Object {}}
>
  hello
</boxRules>
`;

exports[`renders without crashing 2`] = `""`;
